---
source: crates/index-scheduler/src/scheduler/test_failure.rs
snapshot_kind: text
---
### Autobatching Enabled = true
### Processing batch None:
[]
----------------------------------------------------------------------
### All Tasks:
0 {uid: 0, batch_uid: 3, status: succeeded, details: { primary_key: Some("mouse") }, kind: IndexCreation { index_uid: "catto", primary_key: Some("mouse") }}
1 {uid: 1, batch_uid: 2, status: succeeded, kind: UpgradeDatabase { from: (1, 12, 0) }}
2 {uid: 2, batch_uid: 4, status: succeeded, details: { primary_key: Some("bone") }, kind: IndexCreation { index_uid: "doggo", primary_key: Some("bone") }}
3 {uid: 3, batch_uid: 5, status: failed, error: ResponseError { code: 200, message: "Index `doggo` already exists.", error_code: "index_already_exists", error_type: "invalid_request", error_link: "https://docs.meilisearch.com/errors#index_already_exists" }, details: { primary_key: Some("bone") }, kind: IndexCreation { index_uid: "doggo", primary_key: Some("bone") }}
4 {uid: 4, batch_uid: 6, status: succeeded, details: { primary_key: Some("leaves") }, kind: IndexCreation { index_uid: "girafo", primary_key: Some("leaves") }}
----------------------------------------------------------------------
### Status:
enqueued []
succeeded [0,1,2,4,]
failed [3,]
----------------------------------------------------------------------
### Kind:
"indexCreation" [0,2,3,4,]
"upgradeDatabase" [1,]
----------------------------------------------------------------------
### Index Tasks:
catto [0,]
doggo [2,3,]
girafo [4,]
----------------------------------------------------------------------
### Index Mapper:
catto: { number_of_documents: 0, field_distribution: {} }
doggo: { number_of_documents: 0, field_distribution: {} }
girafo: { number_of_documents: 0, field_distribution: {} }

----------------------------------------------------------------------
### Canceled By:

----------------------------------------------------------------------
### Enqueued At:
[timestamp] [0,]
[timestamp] [1,]
[timestamp] [2,]
[timestamp] [3,]
[timestamp] [4,]
----------------------------------------------------------------------
### Started At:
[timestamp] [1,]
[timestamp] [0,]
[timestamp] [2,]
[timestamp] [3,]
[timestamp] [4,]
----------------------------------------------------------------------
### Finished At:
[timestamp] [1,]
[timestamp] [0,]
[timestamp] [2,]
[timestamp] [3,]
[timestamp] [4,]
----------------------------------------------------------------------
### All Batches:
0 {uid: 0, details: {}, stats: {"totalNbTasks":1,"status":{"failed":1},"types":{"upgradeDatabase":1},"indexUids":{}}, }
1 {uid: 1, details: {}, stats: {"totalNbTasks":1,"status":{"failed":1},"types":{"upgradeDatabase":1},"indexUids":{}}, }
2 {uid: 2, details: {}, stats: {"totalNbTasks":1,"status":{"succeeded":1},"types":{"upgradeDatabase":1},"indexUids":{}}, }
3 {uid: 3, details: {"primaryKey":"mouse"}, stats: {"totalNbTasks":1,"status":{"succeeded":1},"types":{"indexCreation":1},"indexUids":{"catto":1}}, }
4 {uid: 4, details: {"primaryKey":"bone"}, stats: {"totalNbTasks":1,"status":{"succeeded":1},"types":{"indexCreation":1},"indexUids":{"doggo":1}}, }
5 {uid: 5, details: {"primaryKey":"bone"}, stats: {"totalNbTasks":1,"status":{"failed":1},"types":{"indexCreation":1},"indexUids":{"doggo":1}}, }
6 {uid: 6, details: {"primaryKey":"leaves"}, stats: {"totalNbTasks":1,"status":{"succeeded":1},"types":{"indexCreation":1},"indexUids":{"girafo":1}}, }
----------------------------------------------------------------------
### Batch to tasks mapping:
0 [1,]
1 [1,]
2 [1,]
3 [0,]
4 [2,]
5 [3,]
6 [4,]
----------------------------------------------------------------------
### Batches Status:
succeeded [2,3,4,6,]
failed [0,1,5,]
----------------------------------------------------------------------
### Batches Kind:
"indexCreation" [3,4,5,6,]
"upgradeDatabase" [0,1,2,]
----------------------------------------------------------------------
### Batches Index Tasks:
catto [3,]
doggo [4,5,]
girafo [6,]
----------------------------------------------------------------------
### Batches Enqueued At:
[timestamp] [3,]
[timestamp] [0,1,2,]
[timestamp] [4,]
[timestamp] [5,]
[timestamp] [6,]
----------------------------------------------------------------------
### Batches Started At:
[timestamp] [0,]
[timestamp] [1,]
[timestamp] [2,]
[timestamp] [3,]
[timestamp] [4,]
[timestamp] [5,]
[timestamp] [6,]
----------------------------------------------------------------------
### Batches Finished At:
[timestamp] [0,]
[timestamp] [1,]
[timestamp] [2,]
[timestamp] [3,]
[timestamp] [4,]
[timestamp] [5,]
[timestamp] [6,]
----------------------------------------------------------------------
### File Store:

----------------------------------------------------------------------
