---
source: crates/index-scheduler/src/scheduler/test_failure.rs
snapshot_kind: text
---
### Autobatching Enabled = true
### Processing batch None:
[]
----------------------------------------------------------------------
### All Tasks:
0 {uid: 0, status: enqueued, details: { primary_key: Some("mouse") }, kind: IndexCreation { index_uid: "catto", primary_key: Some("mouse") }}
1 {uid: 1, status: enqueued, kind: UpgradeDatabase { from: (1, 12, 0) }}
----------------------------------------------------------------------
### Status:
enqueued [0,1,]
----------------------------------------------------------------------
### Kind:
"indexCreation" [0,]
"upgradeDatabase" [1,]
----------------------------------------------------------------------
### Index Tasks:
catto [0,]
----------------------------------------------------------------------
### Index Mapper:

----------------------------------------------------------------------
### Canceled By:

----------------------------------------------------------------------
### Enqueued At:
[timestamp] [0,]
[timestamp] [1,]
----------------------------------------------------------------------
### Started At:
----------------------------------------------------------------------
### Finished At:
----------------------------------------------------------------------
### All Batches:
----------------------------------------------------------------------
### Batch to tasks mapping:
----------------------------------------------------------------------
### Batches Status:
----------------------------------------------------------------------
### Batches Kind:
----------------------------------------------------------------------
### Batches Index Tasks:
----------------------------------------------------------------------
### Batches Enqueued At:
----------------------------------------------------------------------
### Batches Started At:
----------------------------------------------------------------------
### Batches Finished At:
----------------------------------------------------------------------
### File Store:

----------------------------------------------------------------------
