---
source: crates/index-scheduler/src/scheduler/test_failure.rs
snapshot_kind: text
---
### Autobatching Enabled = true
### Processing batch None:
[]
----------------------------------------------------------------------
### All Tasks:
0 {uid: 0, status: enqueued, details: { primary_key: Some("mouse") }, kind: IndexCreation { index_uid: "catto", primary_key: Some("mouse") }}
1 {uid: 1, batch_uid: 0, status: failed, error: ResponseError { code: 200, message: "Planned failure for tests.", error_code: "internal", error_type: "internal", error_link: "https://docs.meilisearch.com/errors#internal" }, details: { from: v1.12.0 }, kind: UpgradeDatabase { from: (1, 12, 0) }}
2 {uid: 2, status: enqueued, details: { primary_key: Some("bone") }, kind: IndexCreation { index_uid: "doggo", primary_key: Some("bone") }}
----------------------------------------------------------------------
### Status:
enqueued [0,2,]
failed [1,]
----------------------------------------------------------------------
### Kind:
"indexCreation" [0,2,]
"upgradeDatabase" [1,]
----------------------------------------------------------------------
### Index Tasks:
catto [0,]
doggo [2,]
----------------------------------------------------------------------
### Index Mapper:

----------------------------------------------------------------------
### Canceled By:

----------------------------------------------------------------------
### Enqueued At:
[timestamp] [0,]
[timestamp] [1,]
[timestamp] [2,]
----------------------------------------------------------------------
### Started At:
[timestamp] [1,]
----------------------------------------------------------------------
### Finished At:
[timestamp] [1,]
----------------------------------------------------------------------
### All Batches:
0 {uid: 0, details: {"upgradeFrom":"v1.12.0"}, stats: {"totalNbTasks":1,"status":{"failed":1},"types":{"upgradeDatabase":1},"indexUids":{}}, }
----------------------------------------------------------------------
### Batch to tasks mapping:
0 [1,]
----------------------------------------------------------------------
### Batches Status:
failed [0,]
----------------------------------------------------------------------
### Batches Kind:
"upgradeDatabase" [0,]
----------------------------------------------------------------------
### Batches Index Tasks:
----------------------------------------------------------------------
### Batches Enqueued At:
[timestamp] [0,]
----------------------------------------------------------------------
### Batches Started At:
[timestamp] [0,]
----------------------------------------------------------------------
### Batches Finished At:
[timestamp] [0,]
----------------------------------------------------------------------
### File Store:

----------------------------------------------------------------------
