---
source: crates/index-scheduler/src/lib.rs
---
### Autobatching Enabled = true
### Processing batch Some(0):
[0,]
----------------------------------------------------------------------
### All Tasks:
0 {uid: 0, status: enqueued, details: { dump_uid: None }, kind: DumpCreation { keys: [], instance_uid: None }}
1 {uid: 1, status: enqueued, details: { matched_tasks: 1, canceled_tasks: None, original_filter: "cancel dump" }, kind: TaskCancelation { query: "cancel dump", tasks: RoaringBitmap<[0]> }}
----------------------------------------------------------------------
### Status:
enqueued [0,1,]
----------------------------------------------------------------------
### Kind:
"taskCancelation" [1,]
"dumpCreation" [0,]
----------------------------------------------------------------------
### Index Tasks:
----------------------------------------------------------------------
### Index Mapper:

----------------------------------------------------------------------
### Canceled By:

----------------------------------------------------------------------
### Enqueued At:
[timestamp] [0,]
[timestamp] [1,]
----------------------------------------------------------------------
### Started At:
----------------------------------------------------------------------
### Finished At:
----------------------------------------------------------------------
### All Batches:
----------------------------------------------------------------------
### Batch to tasks mapping:
----------------------------------------------------------------------
### Batches Status:
----------------------------------------------------------------------
### Batches Kind:
----------------------------------------------------------------------
### Batches Index Tasks:
----------------------------------------------------------------------
### Batches Canceled By:

----------------------------------------------------------------------
### Batches Enqueued At:
----------------------------------------------------------------------
### Batches Started At:
----------------------------------------------------------------------
### Batches Finished At:
----------------------------------------------------------------------
### File Store:

----------------------------------------------------------------------
