---
source: index-scheduler/src/lib.rs
---
[{"id":0,"doggo":"kefir"},{"id":1,"doggo":"intel","_vectors":{"unknown embedder":[1.0,2.0,3.0]}},{"id":2,"doggo":"max","_vectors":{"unknown embedder":[4.0,5.0]}},{"id":3,"doggo":"marcel"},{"id":4,"doggo":"sora"}]
