---
source: crates/index-scheduler/src/lib.rs
---
### Autobatching Enabled = true
### Processing batch Some(0):
[0,]
----------------------------------------------------------------------
### All Tasks:
0 {uid: 0, status: enqueued, details: { received_documents: 1, indexed_documents: None }, kind: DocumentAdditionOrUpdate { index_uid: "catto", primary_key: None, method: ReplaceDocuments, content_file: 00000000-0000-0000-0000-000000000000, documents_count: 1, allow_index_creation: true }}
----------------------------------------------------------------------
### Status:
enqueued [0,]
----------------------------------------------------------------------
### Kind:
"documentAdditionOrUpdate" [0,]
----------------------------------------------------------------------
### Index Tasks:
catto [0,]
----------------------------------------------------------------------
### Index Mapper:

----------------------------------------------------------------------
### Canceled By:

----------------------------------------------------------------------
### Enqueued At:
[timestamp] [0,]
----------------------------------------------------------------------
### Started At:
----------------------------------------------------------------------
### Finished At:
----------------------------------------------------------------------
### All Batches:
----------------------------------------------------------------------
### Batches Status:
----------------------------------------------------------------------
### Batches Kind:
----------------------------------------------------------------------
### Batches Index Tasks:
----------------------------------------------------------------------
### Batches Canceled By:

----------------------------------------------------------------------
### Batches Enqueued At:
----------------------------------------------------------------------
### Batches Started At:
----------------------------------------------------------------------
### Batches Finished At:
----------------------------------------------------------------------
### File Store:
00000000-0000-0000-0000-000000000000

----------------------------------------------------------------------
